Archive member included to satisfy reference by file (symbol)

/opt/st/stm32cubeide_1.14.0/plugins/com.st.stm32cube.ide.mcu.externaltools.gnu-tools-for-stm32.11.3.rel1.linux64_1.1.100.202309141235/tools/bin/../lib/gcc/arm-none-eabi/11.3.1/../../../../arm-none-eabi/lib/thumb/v7e-m+fp/hard/libc_nano.a(libc_a-exit.o)
                              /opt/st/stm32cubeide_1.14.0/plugins/com.st.stm32cube.ide.mcu.externaltools.gnu-tools-for-stm32.11.3.rel1.linux64_1.1.100.202309141235/tools/bin/../lib/gcc/arm-none-eabi/11.3.1/../../../../arm-none-eabi/lib/thumb/v7e-m+fp/hard/crt0.o (exit)
/opt/st/stm32cubeide_1.14.0/plugins/com.st.stm32cube.ide.mcu.externaltools.gnu-tools-for-stm32.11.3.rel1.linux64_1.1.100.202309141235/tools/bin/../lib/gcc/arm-none-eabi/11.3.1/../../../../arm-none-eabi/lib/thumb/v7e-m+fp/hard/libc_nano.a(libc_a-findfp.o)
                              /opt/st/stm32cubeide_1.14.0/plugins/com.st.stm32cube.ide.mcu.externaltools.gnu-tools-for-stm32.11.3.rel1.linux64_1.1.100.202309141235/tools/bin/../lib/gcc/arm-none-eabi/11.3.1/../../../../arm-none-eabi/lib/thumb/v7e-m+fp/hard/libc_nano.a(libc_a-exit.o) (__stdio_exit_handler)
/opt/st/stm32cubeide_1.14.0/plugins/com.st.stm32cube.ide.mcu.externaltools.gnu-tools-for-stm32.11.3.rel1.linux64_1.1.100.202309141235/tools/bin/../lib/gcc/arm-none-eabi/11.3.1/../../../../arm-none-eabi/lib/thumb/v7e-m+fp/hard/libc_nano.a(libc_a-fwalk.o)
                              /opt/st/stm32cubeide_1.14.0/plugins/com.st.stm32cube.ide.mcu.externaltools.gnu-tools-for-stm32.11.3.rel1.linux64_1.1.100.202309141235/tools/bin/../lib/gcc/arm-none-eabi/11.3.1/../../../../arm-none-eabi/lib/thumb/v7e-m+fp/hard/libc_nano.a(libc_a-findfp.o) (_fwalk_sglue)
/opt/st/stm32cubeide_1.14.0/plugins/com.st.stm32cube.ide.mcu.externaltools.gnu-tools-for-stm32.11.3.rel1.linux64_1.1.100.202309141235/tools/bin/../lib/gcc/arm-none-eabi/11.3.1/../../../../arm-none-eabi/lib/thumb/v7e-m+fp/hard/libc_nano.a(libc_a-stdio.o)
                              /opt/st/stm32cubeide_1.14.0/plugins/com.st.stm32cube.ide.mcu.externaltools.gnu-tools-for-stm32.11.3.rel1.linux64_1.1.100.202309141235/tools/bin/../lib/gcc/arm-none-eabi/11.3.1/../../../../arm-none-eabi/lib/thumb/v7e-m+fp/hard/libc_nano.a(libc_a-findfp.o) (__sread)
/opt/st/stm32cubeide_1.14.0/plugins/com.st.stm32cube.ide.mcu.externaltools.gnu-tools-for-stm32.11.3.rel1.linux64_1.1.100.202309141235/tools/bin/../lib/gcc/arm-none-eabi/11.3.1/../../../../arm-none-eabi/lib/thumb/v7e-m+fp/hard/libc_nano.a(libc_a-memset.o)
                              /opt/st/stm32cubeide_1.14.0/plugins/com.st.stm32cube.ide.mcu.externaltools.gnu-tools-for-stm32.11.3.rel1.linux64_1.1.100.202309141235/tools/bin/../lib/gcc/arm-none-eabi/11.3.1/../../../../arm-none-eabi/lib/thumb/v7e-m+fp/hard/crt0.o (memset)
/opt/st/stm32cubeide_1.14.0/plugins/com.st.stm32cube.ide.mcu.externaltools.gnu-tools-for-stm32.11.3.rel1.linux64_1.1.100.202309141235/tools/bin/../lib/gcc/arm-none-eabi/11.3.1/../../../../arm-none-eabi/lib/thumb/v7e-m+fp/hard/libc_nano.a(libc_a-closer.o)
                              /opt/st/stm32cubeide_1.14.0/plugins/com.st.stm32cube.ide.mcu.externaltools.gnu-tools-for-stm32.11.3.rel1.linux64_1.1.100.202309141235/tools/bin/../lib/gcc/arm-none-eabi/11.3.1/../../../../arm-none-eabi/lib/thumb/v7e-m+fp/hard/libc_nano.a(libc_a-stdio.o) (_close_r)
/opt/st/stm32cubeide_1.14.0/plugins/com.st.stm32cube.ide.mcu.externaltools.gnu-tools-for-stm32.11.3.rel1.linux64_1.1.100.202309141235/tools/bin/../lib/gcc/arm-none-eabi/11.3.1/../../../../arm-none-eabi/lib/thumb/v7e-m+fp/hard/libc_nano.a(libc_a-reent.o)
                              /opt/st/stm32cubeide_1.14.0/plugins/com.st.stm32cube.ide.mcu.externaltools.gnu-tools-for-stm32.11.3.rel1.linux64_1.1.100.202309141235/tools/bin/../lib/gcc/arm-none-eabi/11.3.1/../../../../arm-none-eabi/lib/thumb/v7e-m+fp/hard/libc_nano.a(libc_a-closer.o) (errno)
/opt/st/stm32cubeide_1.14.0/plugins/com.st.stm32cube.ide.mcu.externaltools.gnu-tools-for-stm32.11.3.rel1.linux64_1.1.100.202309141235/tools/bin/../lib/gcc/arm-none-eabi/11.3.1/../../../../arm-none-eabi/lib/thumb/v7e-m+fp/hard/libc_nano.a(libc_a-impure.o)
                              /opt/st/stm32cubeide_1.14.0/plugins/com.st.stm32cube.ide.mcu.externaltools.gnu-tools-for-stm32.11.3.rel1.linux64_1.1.100.202309141235/tools/bin/../lib/gcc/arm-none-eabi/11.3.1/../../../../arm-none-eabi/lib/thumb/v7e-m+fp/hard/libc_nano.a(libc_a-reent.o) (_impure_ptr)
/opt/st/stm32cubeide_1.14.0/plugins/com.st.stm32cube.ide.mcu.externaltools.gnu-tools-for-stm32.11.3.rel1.linux64_1.1.100.202309141235/tools/bin/../lib/gcc/arm-none-eabi/11.3.1/../../../../arm-none-eabi/lib/thumb/v7e-m+fp/hard/libc_nano.a(libc_a-lseekr.o)
                              /opt/st/stm32cubeide_1.14.0/plugins/com.st.stm32cube.ide.mcu.externaltools.gnu-tools-for-stm32.11.3.rel1.linux64_1.1.100.202309141235/tools/bin/../lib/gcc/arm-none-eabi/11.3.1/../../../../arm-none-eabi/lib/thumb/v7e-m+fp/hard/libc_nano.a(libc_a-stdio.o) (_lseek_r)
[...]
Memory Configuration

Name             Origin             Length             Attributes
RAM              0x0000000020000000 0x0000000000018000 xrw
RAM2             0x0000000010000000 0x0000000000008000 xrw
FLASH            0x0000000008000000 0x0000000000100000 xr
*default*        0x0000000000000000 0xffffffffffffffff

Linker script and memory map

LOAD /opt/st/stm32cubeide_1.14.0/plugins/com.st.stm32cube.ide.mcu.externaltools.gnu-tools-for-stm32.11.3.rel1.linux64_1.1.100.202309141235/tools/bin/../lib/gcc/arm-none-eabi/11.3.1/thumb/v7e-m+fp/hard/crti.o
LOAD /opt/st/stm32cubeide_1.14.0/plugins/com.st.stm32cube.ide.mcu.externaltools.gnu-tools-for-stm32.11.3.rel1.linux64_1.1.100.202309141235/tools/bin/../lib/gcc/arm-none-eabi/11.3.1/thumb/v7e-m+fp/hard/crtbegin.o
LOAD /opt/st/stm32cubeide_1.14.0/plugins/com.st.stm32cube.ide.mcu.externaltools.gnu-tools-for-stm32.11.3.rel1.linux64_1.1.100.202309141235/tools/bin/../lib/gcc/arm-none-eabi/11.3.1/../../../../arm-none-eabi/lib/thumb/v7e-m+fp/hard/crt0.o
LOAD ./Core/Src/freertos.o
LOAD ./Core/Src/main.o
LOAD ./Core/Src/stm32l4xx_hal_msp.o
LOAD ./Core/Src/stm32l4xx_it.o
LOAD ./Core/Src/syscalls.o
LOAD ./Core/Src/sysmem.o
LOAD ./Core/Src/system_stm32l4xx.o
LOAD ./Core/Startup/startup_stm32l476rgtx.o
LOAD ./Drivers/STM32L4xx_HAL_Driver/Src/stm32l4xx_hal.o
LOAD ./Drivers/STM32L4xx_HAL_Driver/Src/stm32l4xx_hal_cortex.o
LOAD ./Drivers/STM32L4xx_HAL_Driver/Src/stm32l4xx_hal_dma.o
LOAD ./Drivers/STM32L4xx_HAL_Driver/Src/stm32l4xx_hal_dma_ex.o
LOAD ./Drivers/STM32L4xx_HAL_Driver/Src/stm32l4xx_hal_exti.o
LOAD ./Drivers/STM32L4xx_HAL_Driver/Src/stm32l4xx_hal_flash.o
LOAD ./Drivers/STM32L4xx_HAL_Driver/Src/stm32l4xx_hal_flash_ex.o
LOAD ./Drivers/STM32L4xx_HAL_Driver/Src/stm32l4xx_hal_flash_ramfunc.o
LOAD ./Drivers/STM32L4xx_HAL_Driver/Src/stm32l4xx_hal_gpio.o
LOAD ./Drivers/STM32L4xx_HAL_Driver/Src/stm32l4xx_hal_i2c.o
LOAD ./Drivers/STM32L4xx_HAL_Driver/Src/stm32l4xx_hal_i2c_ex.o
LOAD ./Drivers/STM32L4xx_HAL_Driver/Src/stm32l4xx_hal_pwr.o
LOAD ./Drivers/STM32L4xx_HAL_Driver/Src/stm32l4xx_hal_pwr_ex.o
LOAD ./Drivers/STM32L4xx_HAL_Driver/Src/stm32l4xx_hal_rcc.o
LOAD ./Drivers/STM32L4xx_HAL_Driver/Src/stm32l4xx_hal_rcc_ex.o
LOAD ./Drivers/STM32L4xx_HAL_Driver/Src/stm32l4xx_hal_tim.o
LOAD ./Drivers/STM32L4xx_HAL_Driver/Src/stm32l4xx_hal_tim_ex.o
LOAD ./Middlewares/Third_Party/FreeRTOS/Source/CMSIS_RTOS/cmsis_os.o
LOAD ./Middlewares/Third_Party/FreeRTOS/Source/croutine.o
LOAD ./Middlewares/Third_Party/FreeRTOS/Source/event_groups.o
LOAD ./Middlewares/Third_Party/FreeRTOS/Source/list.o
LOAD ./Middlewares/Third_Party/FreeRTOS/Source/queue.o
LOAD ./Middlewares/Third_Party/FreeRTOS/Source/stream_buffer.o
LOAD ./Middlewares/Third_Party/FreeRTOS/Source/tasks.o
LOAD ./Middlewares/Third_Party/FreeRTOS/Source/timers.o
LOAD ./Middlewares/Third_Party/FreeRTOS/Source/portable/GCC/ARM_CM4F/port.o
LOAD ./Middlewares/Third_Party/FreeRTOS/Source/portable/MemMang/heap_4.o
START GROUP
LOAD /opt/st/stm32cubeide_1.14.0/plugins/com.st.stm32cube.ide.mcu.externaltools.gnu-tools-for-stm32.11.3.rel1.linux64_1.1.100.202309141235/tools/bin/../lib/gcc/arm-none-eabi/11.3.1/../../../../arm-none-eabi/lib/thumb/v7e-m+fp/hard/libc_nano.a
LOAD /opt/st/stm32cubeide_1.14.0/plugins/com.st.stm32cube.ide.mcu.externaltools.gnu-tools-for-stm32.11.3.rel1.linux64_1.1.100.202309141235/tools/bin/../lib/gcc/arm-none-eabi/11.3.1/../../../../arm-none-eabi/lib/thumb/v7e-m+fp/hard/libm.a
END GROUP
START GROUP
LOAD /opt/st/stm32cubeide_1.14.0/plugins/com.st.stm32cube.ide.mcu.externaltools.gnu-tools-for-stm32.11.3.rel1.linux64_1.1.100.202309141235/tools/bin/../lib/gcc/arm-none-eabi/11.3.1/thumb/v7e-m+fp/hard/libgcc.a
LOAD /opt/st/stm32cubeide_1.14.0/plugins/com.st.stm32cube.ide.mcu.externaltools.gnu-tools-for-stm32.11.3.rel1.linux64_1.1.100.202309141235/tools/bin/../lib/gcc/arm-none-eabi/11.3.1/../../../../arm-none-eabi/lib/thumb/v7e-m+fp/hard/libc_nano.a
END GROUP
START GROUP
LOAD /opt/st/stm32cubeide_1.14.0/plugins/com.st.stm32cube.ide.mcu.externaltools.gnu-tools-for-stm32.11.3.rel1.linux64_1.1.100.202309141235/tools/bin/../lib/gcc/arm-none-eabi/11.3.1/thumb/v7e-m+fp/hard/libgcc.a
LOAD /opt/st/stm32cubeide_1.14.0/plugins/com.st.stm32cube.ide.mcu.externaltools.gnu-tools-for-stm32.11.3.rel1.linux64_1.1.100.202309141235/tools/bin/../lib/gcc/arm-none-eabi/11.3.1/../../../../arm-none-eabi/lib/thumb/v7e-m+fp/hard/libc_nano.a
LOAD /opt/st/stm32cubeide_1.14.0/plugins/com.st.stm32cube.ide.mcu.externaltools.gnu-tools-for-stm32.11.3.rel1.linux64_1.1.100.202309141235/tools/bin/../lib/gcc/arm-none-eabi/11.3.1/../../../../arm-none-eabi/lib/thumb/v7e-m+fp/hard/libnosys.a
END GROUP
START GROUP
LOAD /opt/st/stm32cubeide_1.14.0/plugins/com.st.stm32cube.ide.mcu.externaltools.gnu-tools-for-stm32.11.3.rel1.linux64_1.1.100.202309141235/tools/bin/../lib/gcc/arm-none-eabi/11.3.1/thumb/v7e-m+fp/hard/libgcc.a
LOAD /opt/st/stm32cubeide_1.14.0/plugins/com.st.stm32cube.ide.mcu.externaltools.gnu-tools-for-stm32.11.3.rel1.linux64_1.1.100.202309141235/tools/bin/../lib/gcc/arm-none-eabi/11.3.1/../../../../arm-none-eabi/lib/thumb/v7e-m+fp/hard/libc_nano.a
LOAD /opt/st/stm32cubeide_1.14.0/plugins/com.st.stm32cube.ide.mcu.externaltools.gnu-tools-for-stm32.11.3.rel1.linux64_1.1.100.202309141235/tools/bin/../lib/gcc/arm-none-eabi/11.3.1/../../../../arm-none-eabi/lib/thumb/v7e-m+fp/hard/libnosys.a
END GROUP
LOAD /opt/st/stm32cubeide_1.14.0/plugins/com.st.stm32cube.ide.mcu.externaltools.gnu-tools-for-stm32.11.3.rel1.linux64_1.1.100.202309141235/tools/bin/../lib/gcc/arm-none-eabi/11.3.1/thumb/v7e-m+fp/hard/crtend.o
LOAD /opt/st/stm32cubeide_1.14.0/plugins/com.st.stm32cube.ide.mcu.externaltools.gnu-tools-for-stm32.11.3.rel1.linux64_1.1.100.202309141235/tools/bin/../lib/gcc/arm-none-eabi/11.3.1/thumb/v7e-m+fp/hard/crtn.o
                0x0000000020018000                _estack = (ORIGIN (RAM) + LENGTH (RAM))
                0x0000000000000200                _Min_Heap_Size = 0x200
                0x0000000000000400                _Min_Stack_Size = 0x400

.isr_vector     0x0000000008000000      0x188
                0x0000000008000000                . = ALIGN (0x4)
 *(.isr_vector)
 .isr_vector    0x0000000008000000      0x188 ./Core/Startup/startup_stm32l476rgtx.o
                0x0000000008000000                g_pfnVectors
                0x0000000008000188                . = ALIGN (0x4)

.text           0x0000000008000190     0x3bcc
                0x0000000008000190                . = ALIGN (0x4)
 *(.text)
 .text          0x0000000008000190       0x40 /opt/st/stm32cubeide_1.14.0/plugins/com.st.stm32cube.ide.mcu.externaltools.gnu-tools-for-stm32.11.3.rel1.linux64_1.1.100.202309141235/tools/bin/../lib/gcc/arm-none-eabi/11.3.1/thumb/v7e-m+fp/hard/crtbegin.o
 *(.text*)
 .text.vApplicationGetIdleTaskMemory
                0x00000000080001d0       0x34 ./Core/Src/freertos.o
                0x00000000080001d0                vApplicationGetIdleTaskMemory
 .text.HAL_TIM_PeriodElapsedCallback
                0x0000000008000204       0x28 ./Core/Src/main.o
                0x0000000008000204                HAL_TIM_PeriodElapsedCallback
 .text.main     0x000000000800022c       0x50 ./Core/Src/main.o
                0x000000000800022c                main
 .text.SystemClock_Config
                0x000000000800027c       0xa2 ./Core/Src/main.o
                0x000000000800027c                SystemClock_Config
 *fill*         0x000000000800031e        0x2 
 .text.MX_TIM2_Init
                0x0000000008000320       0xb4 ./Core/Src/main.o
 .text.MX_GPIO_Init
                0x00000000080003d4       0xf0 ./Core/Src/main.o
 .text.StartDefaultTask
                0x00000000080004c4       0x10 ./Core/Src/main.o
                0x00000000080004c4                StartDefaultTask
 .text.Error_Handler
                0x00000000080004d4        0xa ./Core/Src/main.o
                0x00000000080004d4                Error_Handler
 *fill*         0x00000000080004de        0x2 
 .text.HAL_MspInit
                0x00000000080004e0       0x50 ./Core/Src/stm32l4xx_hal_msp.o
                0x00000000080004e0                HAL_MspInit
 .text.HAL_TIM_PWM_MspInit
                0x0000000008000530       0x48 ./Core/Src/stm32l4xx_hal_msp.o
                0x0000000008000530                HAL_TIM_PWM_MspInit
 .text.HAL_TIM_MspPostInit
                0x0000000008000578       0x68 ./Core/Src/stm32l4xx_hal_msp.o
                0x0000000008000578                HAL_TIM_MspPostInit
 .text.NMI_Handler
                0x00000000080005e0        0x6 ./Core/Src/stm32l4xx_it.o
                0x00000000080005e0                NMI_Handler
 .text.HardFault_Handler
                0x00000000080005e6        0x6 ./Core/Src/stm32l4xx_it.o
                0x00000000080005e6                HardFault_Handler
 .text.MemManage_Handler
                0x00000000080005ec        0x6 ./Core/Src/stm32l4xx_it.o
                0x00000000080005ec                MemManage_Handler
 .text.BusFault_Handler
                0x00000000080005f2        0x6 ./Core/Src/stm32l4xx_it.o
                0x00000000080005f2                BusFault_Handler
 .text.UsageFault_Handler
                0x00000000080005f8        0x6 ./Core/Src/stm32l4xx_it.o
                0x00000000080005f8                UsageFault_Handler
 .text.DebugMon_Handler
                0x00000000080005fe        0xe ./Core/Src/stm32l4xx_it.o
                0x00000000080005fe                DebugMon_Handler
 .text.SysTick_Handler
                0x000000000800060c       0x1a ./Core/Src/stm32l4xx_it.o
                0x000000000800060c                SysTick_Handler
 *fill*         0x0000000008000626        0x2 
 .text.TIM2_IRQHandler
                0x0000000008000628       0x14 ./Core/Src/stm32l4xx_it.o
                0x0000000008000628                TIM2_IRQHandler
 .text.SystemInit
                0x000000000800063c       0x24 ./Core/Src/system_stm32l4xx.o
                0x000000000800063c                SystemInit
 .text.Reset_Handler
                0x0000000008000660       0x50 ./Core/Startup/startup_stm32l476rgtx.o
                0x0000000008000660                Reset_Handler
 .text.Default_Handler
                0x00000000080006b0        0x2 ./Core/Startup/startup_stm32l476rgtx.o
                0x00000000080006b0                RTC_Alarm_IRQHandler
                0x00000000080006b0                EXTI2_IRQHandler
                0x00000000080006b0                TIM8_TRG_COM_IRQHandler
                0x00000000080006b0                TIM8_CC_IRQHandler
                0x00000000080006b0                TIM1_CC_IRQHandler
                0x00000000080006b0                TSC_IRQHandler
                0x00000000080006b0                TAMP_STAMP_IRQHandler
                0x00000000080006b0                EXTI3_IRQHandler
                0x00000000080006b0                LPTIM2_IRQHandler
                0x00000000080006b0                DFSDM1_FLT1_IRQHandler
                0x00000000080006b0                I2C3_ER_IRQHandler
                0x00000000080006b0                DFSDM1_FLT2_IRQHandler
                0x00000000080006b0                EXTI0_IRQHandler
                0x00000000080006b0                I2C2_EV_IRQHandler
                0x00000000080006b0                CAN1_RX0_IRQHandler
                0x00000000080006b0                FPU_IRQHandler
                0x00000000080006b0                TIM1_UP_TIM16_IRQHandler
                0x00000000080006b0                ADC1_2_IRQHandler
                0x00000000080006b0                SPI1_IRQHandler
                0x00000000080006b0                TIM6_DAC_IRQHandler
                0x00000000080006b0                TIM8_UP_IRQHandler
                0x00000000080006b0                DMA2_Channel2_IRQHandler
                0x00000000080006b0                DMA1_Channel4_IRQHandler
                0x00000000080006b0                SAI2_IRQHandler
                0x00000000080006b0                DFSDM1_FLT3_IRQHandler
                0x00000000080006b0                USART3_IRQHandler
                0x00000000080006b0                DMA1_Channel7_IRQHandler
                0x00000000080006b0                CAN1_RX1_IRQHandler
                0x00000000080006b0                LCD_IRQHandler
                0x00000000080006b0                UART5_IRQHandler
                0x00000000080006b0                ADC3_IRQHandler
                0x00000000080006b0                TIM4_IRQHandler
                0x00000000080006b0                DMA2_Channel1_IRQHandler
                0x00000000080006b0                QUADSPI_IRQHandler
                0x00000000080006b0                I2C1_EV_IRQHandler
                0x00000000080006b0                DMA1_Channel6_IRQHandler
                0x00000000080006b0                UART4_IRQHandler
                0x00000000080006b0                DMA2_Channel4_IRQHandler
                0x00000000080006b0                TIM3_IRQHandler
                0x00000000080006b0                RCC_IRQHandler
                0x00000000080006b0                DMA1_Channel1_IRQHandler
                0x00000000080006b0                Default_Handler
                0x00000000080006b0                DMA2_Channel7_IRQHandler
                0x00000000080006b0                EXTI15_10_IRQHandler
                0x00000000080006b0                TIM7_IRQHandler
                0x00000000080006b0                SDMMC1_IRQHandler
                0x00000000080006b0                TIM5_IRQHandler
                0x00000000080006b0                I2C3_EV_IRQHandler
                0x00000000080006b0                EXTI9_5_IRQHandler
                0x00000000080006b0                RTC_WKUP_IRQHandler
                0x00000000080006b0                PVD_PVM_IRQHandler
                0x00000000080006b0                SPI2_IRQHandler
                0x00000000080006b0                CAN1_TX_IRQHandler
                0x00000000080006b0                DMA2_Channel5_IRQHandler
                0x00000000080006b0                DMA1_Channel5_IRQHandler
                0x00000000080006b0                EXTI4_IRQHandler
                0x00000000080006b0                RNG_IRQHandler
                0x00000000080006b0                TIM1_TRG_COM_TIM17_IRQHandler
                0x00000000080006b0                DMA1_Channel3_IRQHandler
                0x00000000080006b0                COMP_IRQHandler
                0x00000000080006b0                WWDG_IRQHandler
                0x00000000080006b0                LPUART1_IRQHandler
                0x00000000080006b0                DMA2_Channel6_IRQHandler
                0x00000000080006b0                EXTI1_IRQHandler
                0x00000000080006b0                USART2_IRQHandler
                0x00000000080006b0                DFSDM1_FLT0_IRQHandler
                0x00000000080006b0                I2C2_ER_IRQHandler
                0x00000000080006b0                DMA1_Channel2_IRQHandler
                0x00000000080006b0                TIM8_BRK_IRQHandler
                0x00000000080006b0                CAN1_SCE_IRQHandler
                0x00000000080006b0                FLASH_IRQHandler
                0x00000000080006b0                USART1_IRQHandler
                0x00000000080006b0                OTG_FS_IRQHandler
                0x00000000080006b0                SPI3_IRQHandler
                0x00000000080006b0                I2C1_ER_IRQHandler
                0x00000000080006b0                FMC_IRQHandler
                0x00000000080006b0                SWPMI1_IRQHandler
                0x00000000080006b0                LPTIM1_IRQHandler
                0x00000000080006b0                SAI1_IRQHandler
                0x00000000080006b0                DMA2_Channel3_IRQHandler
                0x00000000080006b0                TIM1_BRK_TIM15_IRQHandler
 *fill*         0x00000000080006b2        0x2 
 .text.HAL_Init
                0x00000000080006b4       0x40 ./Drivers/STM32L4xx_HAL_Driver/Src/stm32l4xx_hal.o
                0x00000000080006b4                HAL_Init
 .text.HAL_InitTick
                0x00000000080006f4       0x78 ./Drivers/STM32L4xx_HAL_Driver/Src/stm32l4xx_hal.o
                0x00000000080006f4                HAL_InitTick
 .text.HAL_IncTick
                0x000000000800076c       0x28 ./Drivers/STM32L4xx_HAL_Driver/Src/stm32l4xx_hal.o
                0x000000000800076c                HAL_IncTick
 .text.HAL_GetTick
                0x0000000008000794       0x18 ./Drivers/STM32L4xx_HAL_Driver/Src/stm32l4xx_hal.o
                0x0000000008000794                HAL_GetTick
 .text.__NVIC_SetPriorityGrouping
                0x00000000080007ac       0x48 ./Drivers/STM32L4xx_HAL_Driver/Src/stm32l4xx_hal_cortex.o
 .text.__NVIC_GetPriorityGrouping
                0x00000000080007f4       0x1c ./Drivers/STM32L4xx_HAL_Driver/Src/stm32l4xx_hal_cortex.o
 .text.__NVIC_EnableIRQ
                0x0000000008000810       0x3c ./Drivers/STM32L4xx_HAL_Driver/Src/stm32l4xx_hal_cortex.o
 .text.__NVIC_SetPriority
                0x000000000800084c       0x54 ./Drivers/STM32L4xx_HAL_Driver/Src/stm32l4xx_hal_cortex.o
 .text.NVIC_EncodePriority
                0x00000000080008a0       0x66 ./Drivers/STM32L4xx_HAL_Driver/Src/stm32l4xx_hal_cortex.o
 *fill*         0x0000000008000906        0x2 
 .text.SysTick_Config
                0x0000000008000908       0x44 ./Drivers/STM32L4xx_HAL_Driver/Src/stm32l4xx_hal_cortex.o
 .text.HAL_NVIC_SetPriorityGrouping
                0x000000000800094c       0x16 ./Drivers/STM32L4xx_HAL_Driver/Src/stm32l4xx_hal_cortex.o
                0x000000000800094c                HAL_NVIC_SetPriorityGrouping
 .text.HAL_NVIC_SetPriority
                0x0000000008000962       0x38 ./Drivers/STM32L4xx_HAL_Driver/Src/stm32l4xx_hal_cortex.o
                0x0000000008000962                HAL_NVIC_SetPriority
 .text.HAL_NVIC_EnableIRQ
                0x000000000800099a       0x1c ./Drivers/STM32L4xx_HAL_Driver/Src/stm32l4xx_hal_cortex.o
                0x000000000800099a                HAL_NVIC_EnableIRQ
 .text.HAL_SYSTICK_Config
                0x00000000080009b6       0x18 ./Drivers/STM32L4xx_HAL_Driver/Src/stm32l4xx_hal_cortex.o
                0x00000000080009b6                HAL_SYSTICK_Config
 *fill*         0x00000000080009ce        0x2 
 .text.HAL_GPIO_Init
                0x00000000080009d0      0x354 ./Drivers/STM32L4xx_HAL_Driver/Src/stm32l4xx_hal_gpio.o
                0x00000000080009d0                HAL_GPIO_Init
 .text.HAL_GPIO_WritePin
                0x0000000008000d24       0x30 ./Drivers/STM32L4xx_HAL_Driver/Src/stm32l4xx_hal_gpio.o
                0x0000000008000d24                HAL_GPIO_WritePin
 .text.HAL_GPIO_TogglePin
                0x0000000008000d54       0x34 ./Drivers/STM32L4xx_HAL_Driver/Src/stm32l4xx_hal_gpio.o
                0x0000000008000d54                HAL_GPIO_TogglePin
 .text.HAL_PWREx_GetVoltageRange
                0x0000000008000d88       0x1c ./Drivers/STM32L4xx_HAL_Driver/Src/stm32l4xx_hal_pwr_ex.o
                0x0000000008000d88                HAL_PWREx_GetVoltageRange
 .text.HAL_PWREx_ControlVoltageScaling
                0x0000000008000da4       0xac ./Drivers/STM32L4xx_HAL_Driver/Src/stm32l4xx_hal_pwr_ex.o
                0x0000000008000da4                HAL_PWREx_ControlVoltageScaling
 .text.HAL_RCC_OscConfig
                0x0000000008000e50      0x7b8 ./Drivers/STM32L4xx_HAL_Driver/Src/stm32l4xx_hal_rcc.o
                0x0000000008000e50                HAL_RCC_OscConfig
 .text.HAL_RCC_ClockConfig
                0x0000000008001608      0x200 ./Drivers/STM32L4xx_HAL_Driver/Src/stm32l4xx_hal_rcc.o
                0x0000000008001608                HAL_RCC_ClockConfig
 .text.HAL_RCC_GetSysClockFreq
                0x0000000008001808      0x118 ./Drivers/STM32L4xx_HAL_Driver/Src/stm32l4xx_hal_rcc.o
                0x0000000008001808                HAL_RCC_GetSysClockFreq
 .text.RCC_SetFlashLatencyFromMSIRange
                0x0000000008001920       0xc0 ./Drivers/STM32L4xx_HAL_Driver/Src/stm32l4xx_hal_rcc.o
 .text.HAL_TIM_Base_Start_IT
                0x00000000080019e0       0xe0 ./Drivers/STM32L4xx_HAL_Driver/Src/stm32l4xx_hal_tim.o
                0x00000000080019e0                HAL_TIM_Base_Start_IT
 .text.HAL_TIM_PWM_Init
                0x0000000008001ac0       0xae ./Drivers/STM32L4xx_HAL_Driver/Src/stm32l4xx_hal_tim.o
                0x0000000008001ac0                HAL_TIM_PWM_Init
 .text.HAL_TIM_IRQHandler
                0x0000000008001b6e      0x204 ./Drivers/STM32L4xx_HAL_Driver/Src/stm32l4xx_hal_tim.o
                0x0000000008001b6e                HAL_TIM_IRQHandler
 *fill*         0x0000000008001d72        0x2 
 .text.HAL_TIM_PWM_ConfigChannel
                0x0000000008001d74      0x228 ./Drivers/STM32L4xx_HAL_Driver/Src/stm32l4xx_hal_tim.o
                0x0000000008001d74                HAL_TIM_PWM_ConfigChannel
 .text.HAL_TIM_OC_DelayElapsedCallback
                0x0000000008001f9c       0x14 ./Drivers/STM32L4xx_HAL_Driver/Src/stm32l4xx_hal_tim.o
                0x0000000008001f9c                HAL_TIM_OC_DelayElapsedCallback
 .text.HAL_TIM_IC_CaptureCallback
                0x0000000008001fb0       0x14 ./Drivers/STM32L4xx_HAL_Driver/Src/stm32l4xx_hal_tim.o
                0x0000000008001fb0                HAL_TIM_IC_CaptureCallback
 .text.HAL_TIM_PWM_PulseFinishedCallback
                0x0000000008001fc4       0x14 ./Drivers/STM32L4xx_HAL_Driver/Src/stm32l4xx_hal_tim.o
                0x0000000008001fc4                HAL_TIM_PWM_PulseFinishedCallback
 .text.HAL_TIM_TriggerCallback
                0x0000000008001fd8       0x14 ./Drivers/STM32L4xx_HAL_Driver/Src/stm32l4xx_hal_tim.o
                0x0000000008001fd8                HAL_TIM_TriggerCallback
 .text.TIM_Base_SetConfig
                0x0000000008001fec      0x134 ./Drivers/STM32L4xx_HAL_Driver/Src/stm32l4xx_hal_tim.o
                0x0000000008001fec                TIM_Base_SetConfig
 .text.TIM_OC1_SetConfig
                0x0000000008002120      0x120 ./Drivers/STM32L4xx_HAL_Driver/Src/stm32l4xx_hal_tim.o
 .text.TIM_OC2_SetConfig
                0x0000000008002240      0x114 ./Drivers/STM32L4xx_HAL_Driver/Src/stm32l4xx_hal_tim.o
                0x0000000008002240                TIM_OC2_SetConfig
 .text.TIM_OC3_SetConfig
                0x0000000008002354      0x110 ./Drivers/STM32L4xx_HAL_Driver/Src/stm32l4xx_hal_tim.o
 .text.TIM_OC4_SetConfig
                0x0000000008002464       0xd4 ./Drivers/STM32L4xx_HAL_Driver/Src/stm32l4xx_hal_tim.o
 .text.TIM_OC5_SetConfig
                0x0000000008002538       0xc8 ./Drivers/STM32L4xx_HAL_Driver/Src/stm32l4xx_hal_tim.o
 .text.TIM_OC6_SetConfig
                0x0000000008002600       0xcc ./Drivers/STM32L4xx_HAL_Driver/Src/stm32l4xx_hal_tim.o
 .text.HAL_TIMEx_MasterConfigSynchronization
                0x00000000080026cc      0x110 ./Drivers/STM32L4xx_HAL_Driver/Src/stm32l4xx_hal_tim_ex.o
                0x00000000080026cc                HAL_TIMEx_MasterConfigSynchronization
 .text.HAL_TIMEx_CommutCallback
                0x00000000080027dc       0x14 ./Drivers/STM32L4xx_HAL_Driver/Src/stm32l4xx_hal_tim_ex.o
                0x00000000080027dc                HAL_TIMEx_CommutCallback
 .text.HAL_TIMEx_BreakCallback
                0x00000000080027f0       0x14 ./Drivers/STM32L4xx_HAL_Driver/Src/stm32l4xx_hal_tim_ex.o
                0x00000000080027f0                HAL_TIMEx_BreakCallback
 .text.HAL_TIMEx_Break2Callback
                0x0000000008002804       0x14 ./Drivers/STM32L4xx_HAL_Driver/Src/stm32l4xx_hal_tim_ex.o
                0x0000000008002804                HAL_TIMEx_Break2Callback
 .text.makeFreeRtosPriority
                0x0000000008002818       0x30 ./Middlewares/Third_Party/FreeRTOS/Source/CMSIS_RTOS/cmsis_os.o
 .text.osKernelStart
                0x0000000008002848        0xe ./Middlewares/Third_Party/FreeRTOS/Source/CMSIS_RTOS/cmsis_os.o
                0x0000000008002848                osKernelStart
 .text.osThreadCreate
                0x0000000008002856       0x98 ./Middlewares/Third_Party/FreeRTOS/Source/CMSIS_RTOS/cmsis_os.o
                0x0000000008002856                osThreadCreate
 .text.osDelay  0x00000000080028ee       0x28 ./Middlewares/Third_Party/FreeRTOS/Source/CMSIS_RTOS/cmsis_os.o
                0x00000000080028ee                osDelay
 .text.vListInitialise
                0x0000000008002916       0x40 ./Middlewares/Third_Party/FreeRTOS/Source/list.o
                0x0000000008002916                vListInitialise
 .text.vListInitialiseItem
                0x0000000008002956       0x1a ./Middlewares/Third_Party/FreeRTOS/Source/list.o
                0x0000000008002956                vListInitialiseItem
 .text.vListInsertEnd
                0x0000000008002970       0x48 ./Middlewares/Third_Party/FreeRTOS/Source/list.o
                0x0000000008002970                vListInsertEnd
 .text.vListInsert
                0x00000000080029b8       0x72 ./Middlewares/Third_Party/FreeRTOS/Source/list.o
                0x00000000080029b8                vListInsert
 .text.uxListRemove
                0x0000000008002a2a       0x54 ./Middlewares/Third_Party/FreeRTOS/Source/list.o
                0x0000000008002a2a                uxListRemove
 .text.xTaskCreateStatic
                0x0000000008002a7e       0xba ./Middlewares/Third_Party/FreeRTOS/Source/tasks.o
                0x0000000008002a7e                xTaskCreateStatic
 .text.xTaskCreate
                0x0000000008002b38       0x8a ./Middlewares/Third_Party/FreeRTOS/Source/tasks.o
                0x0000000008002b38                xTaskCreate
 .text.prvInitialiseNewTask
                0x0000000008002bc2      0x10e ./Middlewares/Third_Party/FreeRTOS/Source/tasks.o
 .text.prvAddNewTaskToReadyList
                0x0000000008002cd0       0xd4 ./Middlewares/Third_Party/FreeRTOS/Source/tasks.o
 .text.vTaskDelay
                0x0000000008002da4       0x68 ./Middlewares/Third_Party/FreeRTOS/Source/tasks.o
                0x0000000008002da4                vTaskDelay
 .text.vTaskStartScheduler
                0x0000000008002e0c       0xc0 ./Middlewares/Third_Party/FreeRTOS/Source/tasks.o
                0x0000000008002e0c                vTaskStartScheduler
 .text.vTaskSuspendAll
                0x0000000008002ecc       0x1c ./Middlewares/Third_Party/FreeRTOS/Source/tasks.o
                0x0000000008002ecc                vTaskSuspendAll
 .text.xTaskResumeAll
                0x0000000008002ee8      0x138 ./Middlewares/Third_Party/FreeRTOS/Source/tasks.o
                0x0000000008002ee8                xTaskResumeAll
 .text.xTaskIncrementTick
                0x0000000008003020      0x170 ./Middlewares/Third_Party/FreeRTOS/Source/tasks.o
                0x0000000008003020                xTaskIncrementTick
 .text.vTaskSwitchContext
                0x0000000008003190       0xb8 ./Middlewares/Third_Party/FreeRTOS/Source/tasks.o
                0x0000000008003190                vTaskSwitchContext
 .text.prvIdleTask
                0x0000000008003248       0x30 ./Middlewares/Third_Party/FreeRTOS/Source/tasks.o
 .text.prvInitialiseTaskLists
                0x0000000008003278       0x80 ./Middlewares/Third_Party/FreeRTOS/Source/tasks.o
 .text.prvCheckTasksWaitingTermination
                0x00000000080032f8       0x5c ./Middlewares/Third_Party/FreeRTOS/Source/tasks.o
 .text.prvDeleteTCB
                0x0000000008003354       0x5e ./Middlewares/Third_Party/FreeRTOS/Source/tasks.o
 *fill*         0x00000000080033b2        0x2 
 .text.prvResetNextTaskUnblockTime
                0x00000000080033b4       0x40 ./Middlewares/Third_Party/FreeRTOS/Source/tasks.o
 .text.xTaskGetSchedulerState
                0x00000000080033f4       0x3c ./Middlewares/Third_Party/FreeRTOS/Source/tasks.o
                0x00000000080033f4                xTaskGetSchedulerState
 .text.prvAddCurrentTaskToDelayedList
                0x0000000008003430       0xcc ./Middlewares/Third_Party/FreeRTOS/Source/tasks.o
 .text.pxPortInitialiseStack
                0x00000000080034fc       0x68 ./Middlewares/Third_Party/FreeRTOS/Source/portable/GCC/ARM_CM4F/port.o
                0x00000000080034fc                pxPortInitialiseStack
 .text.prvTaskExitError
                0x0000000008003564       0x58 ./Middlewares/Third_Party/FreeRTOS/Source/portable/GCC/ARM_CM4F/port.o
 *fill*         0x00000000080035bc        0x4 
 .text.SVC_Handler
                0x00000000080035c0       0x28 ./Middlewares/Third_Party/FreeRTOS/Source/portable/GCC/ARM_CM4F/port.o
                0x00000000080035c0                SVC_Handler
 .text.prvPortStartFirstTask
                0x00000000080035e8       0x28 ./Middlewares/Third_Party/FreeRTOS/Source/portable/GCC/ARM_CM4F/port.o
 .text.xPortStartScheduler
                0x0000000008003610      0x144 ./Middlewares/Third_Party/FreeRTOS/Source/portable/GCC/ARM_CM4F/port.o
                0x0000000008003610                xPortStartScheduler
 .text.vPortEnterCritical
                0x0000000008003754       0x60 ./Middlewares/Third_Party/FreeRTOS/Source/portable/GCC/ARM_CM4F/port.o
                0x0000000008003754                vPortEnterCritical
 .text.vPortExitCritical
                0x00000000080037b4       0x54 ./Middlewares/Third_Party/FreeRTOS/Source/portable/GCC/ARM_CM4F/port.o
                0x00000000080037b4                vPortExitCritical
 *fill*         0x0000000008003808        0x8 
 .text.PendSV_Handler
                0x0000000008003810       0x68 ./Middlewares/Third_Party/FreeRTOS/Source/portable/GCC/ARM_CM4F/port.o
                0x0000000008003810                PendSV_Handler
 .text.xPortSysTickHandler
                0x0000000008003878       0x44 ./Middlewares/Third_Party/FreeRTOS/Source/portable/GCC/ARM_CM4F/port.o
                0x0000000008003878                xPortSysTickHandler
 .text.vPortSetupTimerInterrupt
                0x00000000080038bc       0x48 ./Middlewares/Third_Party/FreeRTOS/Source/portable/GCC/ARM_CM4F/port.o
                0x00000000080038bc                vPortSetupTimerInterrupt
 .text.vPortEnableVFP
                0x0000000008003904       0x14 ./Middlewares/Third_Party/FreeRTOS/Source/portable/GCC/ARM_CM4F/port.o
 .text.pvPortMalloc
                0x0000000008003918      0x198 ./Middlewares/Third_Party/FreeRTOS/Source/portable/MemMang/heap_4.o
                0x0000000008003918                pvPortMalloc
 .text.vPortFree
                0x0000000008003ab0       0xc4 ./Middlewares/Third_Party/FreeRTOS/Source/portable/MemMang/heap_4.o
                0x0000000008003ab0                vPortFree
 .text.prvHeapInit
                0x0000000008003b74       0xc4 ./Middlewares/Third_Party/FreeRTOS/Source/portable/MemMang/heap_4.o
 .text.prvInsertBlockIntoFreeList
                0x0000000008003c38       0xb4 ./Middlewares/Third_Party/FreeRTOS/Source/portable/MemMang/heap_4.o
 .text.memset   0x0000000008003cec       0x10 /opt/st/stm32cubeide_1.14.0/plugins/com.st.stm32cube.ide.mcu.externaltools.gnu-tools-for-stm32.11.3.rel1.linux64_1.1.100.202309141235/tools/bin/../lib/gcc/arm-none-eabi/11.3.1/../../../../arm-none-eabi/lib/thumb/v7e-m+fp/hard/libc_nano.a(libc_a-memset.o)
                0x0000000008003cec                memset
 .text.__libc_init_array
                0x0000000008003cfc       0x48 /opt/st/stm32cubeide_1.14.0/plugins/com.st.stm32cube.ide.mcu.externaltools.gnu-tools-for-stm32.11.3.rel1.linux64_1.1.100.202309141235/tools/bin/../lib/gcc/arm-none-eabi/11.3.1/../../../../arm-none-eabi/lib/thumb/v7e-m+fp/hard/libc_nano.a(libc_a-init.o)
                0x0000000008003cfc                __libc_init_array
 *(.glue_7)
 .glue_7        0x0000000008003d44        0x0 linker stubs
 *(.glue_7t)
 .glue_7t       0x0000000008003d44        0x0 linker stubs
 *(.eh_frame)
 .eh_frame      0x0000000008003d44        0x0 /opt/st/stm32cubeide_1.14.0/plugins/com.st.stm32cube.ide.mcu.externaltools.gnu-tools-for-stm32.11.3.rel1.linux64_1.1.100.202309141235/tools/bin/../lib/gcc/arm-none-eabi/11.3.1/thumb/v7e-m+fp/hard/crtbegin.o
 *(.init)
 .init          0x0000000008003d44        0x4 /opt/st/stm32cubeide_1.14.0/plugins/com.st.stm32cube.ide.mcu.externaltools.gnu-tools-for-stm32.11.3.rel1.linux64_1.1.100.202309141235/tools/bin/../lib/gcc/arm-none-eabi/11.3.1/thumb/v7e-m+fp/hard/crti.o
                0x0000000008003d44                _init
 .init          0x0000000008003d48        0x8 /opt/st/stm32cubeide_1.14.0/plugins/com.st.stm32cube.ide.mcu.externaltools.gnu-tools-for-stm32.11.3.rel1.linux64_1.1.100.202309141235/tools/bin/../lib/gcc/arm-none-eabi/11.3.1/thumb/v7e-m+fp/hard/crtn.o
 *(.fini)
 .fini          0x0000000008003d50        0x4 /opt/st/stm32cubeide_1.14.0/plugins/com.st.stm32cube.ide.mcu.externaltools.gnu-tools-for-stm32.11.3.rel1.linux64_1.1.100.202309141235/tools/bin/../lib/gcc/arm-none-eabi/11.3.1/thumb/v7e-m+fp/hard/crti.o
                0x0000000008003d50                _fini
 .fini          0x0000000008003d54        0x8 /opt/st/stm32cubeide_1.14.0/plugins/com.st.stm32cube.ide.mcu.externaltools.gnu-tools-for-stm32.11.3.rel1.linux64_1.1.100.202309141235/tools/bin/../lib/gcc/arm-none-eabi/11.3.1/thumb/v7e-m+fp/hard/crtn.o
                0x0000000008003d5c                . = ALIGN (0x4)
                0x0000000008003d5c                _etext = .

.vfp11_veneer   0x0000000008003d5c        0x0
 .vfp11_veneer  0x0000000008003d5c        0x0 linker stubs

.v4_bx          0x0000000008003d5c        0x0
 .v4_bx         0x0000000008003d5c        0x0 linker stubs

.iplt           0x0000000008003d5c        0x0
 .iplt          0x0000000008003d5c        0x0 /opt/st/stm32cubeide_1.14.0/plugins/com.st.stm32cube.ide.mcu.externaltools.gnu-tools-for-stm32.11.3.rel1.linux64_1.1.100.202309141235/tools/bin/../lib/gcc/arm-none-eabi/11.3.1/thumb/v7e-m+fp/hard/crtbegin.o

.rodata         0x0000000008003d5c       0x70
                0x0000000008003d5c                . = ALIGN (0x4)
 *(.rodata)
 .rodata        0x0000000008003d5c       0x28 ./Core/Src/main.o
 .rodata        0x0000000008003d84        0x5 ./Middlewares/Third_Party/FreeRTOS/Source/tasks.o
 *(.rodata*)
 *fill*         0x0000000008003d89        0x3 
 .rodata.AHBPrescTable
                0x0000000008003d8c       0x10 ./Core/Src/system_stm32l4xx.o
                0x0000000008003d8c                AHBPrescTable
 .rodata.MSIRangeTable
                0x0000000008003d9c       0x30 ./Core/Src/system_stm32l4xx.o
                0x0000000008003d9c                MSIRangeTable
                0x0000000008003dcc                . = ALIGN (0x4)

.rel.dyn        0x0000000008003dcc        0x0
 .rel.iplt      0x0000000008003dcc        0x0 /opt/st/stm32cubeide_1.14.0/plugins/com.st.stm32cube.ide.mcu.externaltools.gnu-tools-for-stm32.11.3.rel1.linux64_1.1.100.202309141235/tools/bin/../lib/gcc/arm-none-eabi/11.3.1/thumb/v7e-m+fp/hard/crtbegin.o

.ARM.extab      0x0000000008003dcc        0x0
                0x0000000008003dcc                . = ALIGN (0x4)
 *(.ARM.extab* .gnu.linkonce.armextab.*)
                0x0000000008003dcc                . = ALIGN (0x4)

.ARM            0x0000000008003dcc        0x0
                0x0000000008003dcc                . = ALIGN (0x4)
                0x0000000008003dcc                __exidx_start = .
 *(.ARM.exidx*)
                0x0000000008003dcc                __exidx_end = .
                0x0000000008003dcc                . = ALIGN (0x4)

.preinit_array  0x0000000008003dcc        0x0
                0x0000000008003dcc                . = ALIGN (0x4)
                0x0000000008003dcc                PROVIDE (__preinit_array_start = .)
 *(.preinit_array*)
                0x0000000008003dcc                PROVIDE (__preinit_array_end = .)
                0x0000000008003dcc                . = ALIGN (0x4)

.init_array     0x0000000008003dcc        0x4
                0x0000000008003dcc                . = ALIGN (0x4)
                0x0000000008003dcc                PROVIDE (__init_array_start = .)
 *(SORT_BY_NAME(.init_array.*))
 *(.init_array*)
 .init_array    0x0000000008003dcc        0x4 /opt/st/stm32cubeide_1.14.0/plugins/com.st.stm32cube.ide.mcu.externaltools.gnu-tools-for-stm32.11.3.rel1.linux64_1.1.100.202309141235/tools/bin/../lib/gcc/arm-none-eabi/11.3.1/thumb/v7e-m+fp/hard/crtbegin.o
                0x0000000008003dd0                PROVIDE (__init_array_end = .)
                0x0000000008003dd0                . = ALIGN (0x4)

.fini_array     0x0000000008003dd0        0x4
                0x0000000008003dd0                . = ALIGN (0x4)
                [!provide]                        PROVIDE (__fini_array_start = .)
 *(SORT_BY_NAME(.fini_array.*))
 *(.fini_array*)
 .fini_array    0x0000000008003dd0        0x4 /opt/st/stm32cubeide_1.14.0/plugins/com.st.stm32cube.ide.mcu.externaltools.gnu-tools-for-stm32.11.3.rel1.linux64_1.1.100.202309141235/tools/bin/../lib/gcc/arm-none-eabi/11.3.1/thumb/v7e-m+fp/hard/crtbegin.o
                [!provide]                        PROVIDE (__fini_array_end = .)
                0x0000000008003dd4                . = ALIGN (0x4)
                0x0000000008003dd4                _sidata = LOADADDR (.data)

.data           0x0000000020000000       0x10 load address 0x0000000008003dd4
                0x0000000020000000                . = ALIGN (0x4)
                0x0000000020000000                _sdata = .
 *(.data)
 *(.data*)
 .data.SystemCoreClock
                0x0000000020000000        0x4 ./Core/Src/system_stm32l4xx.o
                0x0000000020000000                SystemCoreClock
 .data.uwTickPrio
                0x0000000020000004        0x4 ./Drivers/STM32L4xx_HAL_Driver/Src/stm32l4xx_hal.o
                0x0000000020000004                uwTickPrio
 .data.uwTickFreq
                0x0000000020000008        0x1 ./Drivers/STM32L4xx_HAL_Driver/Src/stm32l4xx_hal.o
                0x0000000020000008                uwTickFreq
 *fill*         0x0000000020000009        0x3 
 .data.uxCriticalNesting
                0x000000002000000c        0x4 ./Middlewares/Third_Party/FreeRTOS/Source/portable/GCC/ARM_CM4F/port.o
 *(.RamFunc)
 *(.RamFunc*)
                0x0000000020000010                . = ALIGN (0x4)
                0x0000000020000010                _edata = .

.igot.plt       0x0000000020000010        0x0 load address 0x0000000008003de4
 .igot.plt      0x0000000020000010        0x0 /opt/st/stm32cubeide_1.14.0/plugins/com.st.stm32cube.ide.mcu.externaltools.gnu-tools-for-stm32.11.3.rel1.linux64_1.1.100.202309141235/tools/bin/../lib/gcc/arm-none-eabi/11.3.1/thumb/v7e-m+fp/hard/crtbegin.o
                0x0000000020000010                . = ALIGN (0x4)

.bss            0x0000000020000010     0x2b28 load address 0x0000000008003de4
                0x0000000020000010                _sbss = .
                0x0000000020000010                __bss_start__ = _sbss
 *(.bss)
 .bss           0x0000000020000010       0x1c /opt/st/stm32cubeide_1.14.0/plugins/com.st.stm32cube.ide.mcu.externaltools.gnu-tools-for-stm32.11.3.rel1.linux64_1.1.100.202309141235/tools/bin/../lib/gcc/arm-none-eabi/11.3.1/thumb/v7e-m+fp/hard/crtbegin.o
 *(.bss*)
 .bss.xIdleTaskTCBBuffer
                0x000000002000002c       0x54 ./Core/Src/freertos.o
 .bss.xIdleStack
                0x0000000020000080      0x200 ./Core/Src/freertos.o
 .bss.htim2     0x0000000020000280       0x4c ./Core/Src/main.o
                0x0000000020000280                htim2
 .bss.defaultTaskHandle
                0x00000000200002cc        0x4 ./Core/Src/main.o
                0x00000000200002cc                defaultTaskHandle
 .bss.uwTick    0x00000000200002d0        0x4 ./Drivers/STM32L4xx_HAL_Driver/Src/stm32l4xx_hal.o
                0x00000000200002d0                uwTick
 .bss.pxCurrentTCB
                0x00000000200002d4        0x4 ./Middlewares/Third_Party/FreeRTOS/Source/tasks.o
                0x00000000200002d4                pxCurrentTCB
 .bss.pxReadyTasksLists
                0x00000000200002d8       0x8c ./Middlewares/Third_Party/FreeRTOS/Source/tasks.o
 .bss.xDelayedTaskList1
                0x0000000020000364       0x14 ./Middlewares/Third_Party/FreeRTOS/Source/tasks.o
 .bss.xDelayedTaskList2
                0x0000000020000378       0x14 ./Middlewares/Third_Party/FreeRTOS/Source/tasks.o
 .bss.pxDelayedTaskList
                0x000000002000038c        0x4 ./Middlewares/Third_Party/FreeRTOS/Source/tasks.o
 .bss.pxOverflowDelayedTaskList
                0x0000000020000390        0x4 ./Middlewares/Third_Party/FreeRTOS/Source/tasks.o
 .bss.xPendingReadyList
                0x0000000020000394       0x14 ./Middlewares/Third_Party/FreeRTOS/Source/tasks.o
 .bss.xTasksWaitingTermination
                0x00000000200003a8       0x14 ./Middlewares/Third_Party/FreeRTOS/Source/tasks.o
 .bss.uxDeletedTasksWaitingCleanUp
                0x00000000200003bc        0x4 ./Middlewares/Third_Party/FreeRTOS/Source/tasks.o
 .bss.xSuspendedTaskList
                0x00000000200003c0       0x14 ./Middlewares/Third_Party/FreeRTOS/Source/tasks.o
 .bss.uxCurrentNumberOfTasks
                0x00000000200003d4        0x4 ./Middlewares/Third_Party/FreeRTOS/Source/tasks.o
 .bss.xTickCount
                0x00000000200003d8        0x4 ./Middlewares/Third_Party/FreeRTOS/Source/tasks.o
 .bss.uxTopReadyPriority
                0x00000000200003dc        0x4 ./Middlewares/Third_Party/FreeRTOS/Source/tasks.o
 .bss.xSchedulerRunning
                0x00000000200003e0        0x4 ./Middlewares/Third_Party/FreeRTOS/Source/tasks.o
 .bss.xPendedTicks
                0x00000000200003e4        0x4 ./Middlewares/Third_Party/FreeRTOS/Source/tasks.o
 .bss.xYieldPending
                0x00000000200003e8        0x4 ./Middlewares/Third_Party/FreeRTOS/Source/tasks.o
 .bss.xNumOfOverflows
                0x00000000200003ec        0x4 ./Middlewares/Third_Party/FreeRTOS/Source/tasks.o
 .bss.uxTaskNumber
                0x00000000200003f0        0x4 ./Middlewares/Third_Party/FreeRTOS/Source/tasks.o
 .bss.xNextTaskUnblockTime
                0x00000000200003f4        0x4 ./Middlewares/Third_Party/FreeRTOS/Source/tasks.o
 .bss.xIdleTaskHandle
                0x00000000200003f8        0x4 ./Middlewares/Third_Party/FreeRTOS/Source/tasks.o
 .bss.uxSchedulerSuspended
                0x00000000200003fc        0x4 ./Middlewares/Third_Party/FreeRTOS/Source/tasks.o
 .bss.ucMaxSysCallPriority
                0x0000000020000400        0x1 ./Middlewares/Third_Party/FreeRTOS/Source/portable/GCC/ARM_CM4F/port.o
 *fill*         0x0000000020000401        0x3 
 .bss.ulMaxPRIGROUPValue
                0x0000000020000404        0x4 ./Middlewares/Third_Party/FreeRTOS/Source/portable/GCC/ARM_CM4F/port.o
 .bss.ucHeap    0x0000000020000408     0x2710 ./Middlewares/Third_Party/FreeRTOS/Source/portable/MemMang/heap_4.o
 .bss.xStart    0x0000000020002b18        0x8 ./Middlewares/Third_Party/FreeRTOS/Source/portable/MemMang/heap_4.o
 .bss.pxEnd     0x0000000020002b20        0x4 ./Middlewares/Third_Party/FreeRTOS/Source/portable/MemMang/heap_4.o
 .bss.xFreeBytesRemaining
                0x0000000020002b24        0x4 ./Middlewares/Third_Party/FreeRTOS/Source/portable/MemMang/heap_4.o
 .bss.xMinimumEverFreeBytesRemaining
                0x0000000020002b28        0x4 ./Middlewares/Third_Party/FreeRTOS/Source/portable/MemMang/heap_4.o
 .bss.xNumberOfSuccessfulAllocations
                0x0000000020002b2c        0x4 ./Middlewares/Third_Party/FreeRTOS/Source/portable/MemMang/heap_4.o
 .bss.xNumberOfSuccessfulFrees
                0x0000000020002b30        0x4 ./Middlewares/Third_Party/FreeRTOS/Source/portable/MemMang/heap_4.o
 .bss.xBlockAllocatedBit
                0x0000000020002b34        0x4 ./Middlewares/Third_Party/FreeRTOS/Source/portable/MemMang/heap_4.o
 *(COMMON)
                0x0000000020002b38                . = ALIGN (0x4)
                0x0000000020002b38                _ebss = .
                0x0000000020002b38                __bss_end__ = _ebss

._user_heap_stack
                0x0000000020002b38      0x600 load address 0x0000000008003de4
                0x0000000020002b38                . = ALIGN (0x8)
                [!provide]                        PROVIDE (end = .)
                0x0000000020002b38                PROVIDE (_end = .)
                0x0000000020002d38                . = (. + _Min_Heap_Size)
 *fill*         0x0000000020002b38      0x200 
                0x0000000020003138                . = (. + _Min_Stack_Size)
 *fill*         0x0000000020002d38      0x400 
                0x0000000020003138                . = ALIGN (0x8)

/DISCARD/
 libc.a(*)
 libm.a(*)
 libgcc.a(*)

.ARM.attributes
                0x0000000000000000       0x30
 *(.ARM.attributes)
 .ARM.attributes
                0x0000000000000000       0x1e /opt/st/stm32cubeide_1.14.0/plugins/com.st.stm32cube.ide.mcu.externaltools.gnu-tools-for-stm32.11.3.rel1.linux64_1.1.100.202309141235/tools/bin/../lib/gcc/arm-none-eabi/11.3.1/thumb/v7e-m+fp/hard/crti.o
 .ARM.attributes
                0x000000000000001e       0x34 /opt/st/stm32cubeide_1.14.0/plugins/com.st.stm32cube.ide.mcu.externaltools.gnu-tools-for-stm32.11.3.rel1.linux64_1.1.100.202309141235/tools/bin/../lib/gcc/arm-none-eabi/11.3.1/thumb/v7e-m+fp/hard/crtbegin.o
 .ARM.attributes
                0x0000000000000052       0x34 ./Core/Src/freertos.o
 .ARM.attributes
                0x0000000000000086       0x34 ./Core/Src/main.o
 .ARM.attributes
                0x00000000000000ba       0x34 ./Core/Src/stm32l4xx_hal_msp.o
 .ARM.attributes
                0x00000000000000ee       0x34 ./Core/Src/stm32l4xx_it.o
 .ARM.attributes
                0x0000000000000122       0x34 ./Core/Src/system_stm32l4xx.o
 .ARM.attributes
                0x0000000000000156       0x21 ./Core/Startup/startup_stm32l476rgtx.o
 .ARM.attributes
                0x0000000000000177       0x34 ./Drivers/STM32L4xx_HAL_Driver/Src/stm32l4xx_hal.o
 .ARM.attributes
                0x00000000000001ab       0x34 ./Drivers/STM32L4xx_HAL_Driver/Src/stm32l4xx_hal_cortex.o
 .ARM.attributes
                0x00000000000001df       0x34 ./Drivers/STM32L4xx_HAL_Driver/Src/stm32l4xx_hal_gpio.o
 .ARM.attributes
                0x0000000000000213       0x34 ./Drivers/STM32L4xx_HAL_Driver/Src/stm32l4xx_hal_pwr_ex.o
 .ARM.attributes
                0x0000000000000247       0x34 ./Drivers/STM32L4xx_HAL_Driver/Src/stm32l4xx_hal_rcc.o
 .ARM.attributes
                0x000000000000027b       0x34 ./Drivers/STM32L4xx_HAL_Driver/Src/stm32l4xx_hal_tim.o
 .ARM.attributes
                0x00000000000002af       0x34 ./Drivers/STM32L4xx_HAL_Driver/Src/stm32l4xx_hal_tim_ex.o
 .ARM.attributes
                0x00000000000002e3       0x34 ./Middlewares/Third_Party/FreeRTOS/Source/CMSIS_RTOS/cmsis_os.o
 .ARM.attributes
                0x0000000000000317       0x34 ./Middlewares/Third_Party/FreeRTOS/Source/list.o
 .ARM.attributes
                0x000000000000034b       0x34 ./Middlewares/Third_Party/FreeRTOS/Source/tasks.o
 .ARM.attributes
                0x000000000000037f       0x34 ./Middlewares/Third_Party/FreeRTOS/Source/portable/GCC/ARM_CM4F/port.o
 .ARM.attributes
                0x00000000000003b3       0x34 ./Middlewares/Third_Party/FreeRTOS/Source/portable/MemMang/heap_4.o
 .ARM.attributes
                0x00000000000003e7       0x34 /opt/st/stm32cubeide_1.14.0/plugins/com.st.stm32cube.ide.mcu.externaltools.gnu-tools-for-stm32.11.3.rel1.linux64_1.1.100.202309141235/tools/bin/../lib/gcc/arm-none-eabi/11.3.1/../../../../arm-none-eabi/lib/thumb/v7e-m+fp/hard/libc_nano.a(libc_a-memset.o)
 .ARM.attributes
                0x000000000000041b       0x34 /opt/st/stm32cubeide_1.14.0/plugins/com.st.stm32cube.ide.mcu.externaltools.gnu-tools-for-stm32.11.3.rel1.linux64_1.1.100.202309141235/tools/bin/../lib/gcc/arm-none-eabi/11.3.1/../../../../arm-none-eabi/lib/thumb/v7e-m+fp/hard/libc_nano.a(libc_a-init.o)
 .ARM.attributes
                0x000000000000044f       0x1e /opt/st/stm32cubeide_1.14.0/plugins/com.st.stm32cube.ide.mcu.externaltools.gnu-tools-for-stm32.11.3.rel1.linux64_1.1.100.202309141235/tools/bin/../lib/gcc/arm-none-eabi/11.3.1/thumb/v7e-m+fp/hard/crtn.o
OUTPUT(KoNaR_final_project.elf elf32-littlearm)
LOAD linker stubs
LOAD /opt/st/stm32cubeide_1.14.0/plugins/com.st.stm32cube.ide.mcu.externaltools.gnu-tools-for-stm32.11.3.rel1.linux64_1.1.100.202309141235/tools/bin/../lib/gcc/arm-none-eabi/11.3.1/../../../../arm-none-eabi/lib/thumb/v7e-m+fp/hard/libc.a
LOAD /opt/st/stm32cubeide_1.14.0/plugins/com.st.stm32cube.ide.mcu.externaltools.gnu-tools-for-stm32.11.3.rel1.linux64_1.1.100.202309141235/tools/bin/../lib/gcc/arm-none-eabi/11.3.1/../../../../arm-none-eabi/lib/thumb/v7e-m+fp/hard/libm.a
LOAD /opt/st/stm32cubeide_1.14.0/plugins/com.st.stm32cube.ide.mcu.externaltools.gnu-tools-for-stm32.11.3.rel1.linux64_1.1.100.202309141235/tools/bin/../lib/gcc/arm-none-eabi/11.3.1/thumb/v7e-m+fp/hard/libgcc.a

.comment        0x0000000000000000       0x43
 .comment       0x0000000000000000       0x43 /opt/st/stm32cubeide_1.14.0/plugins/com.st.stm32cube.ide.mcu.externaltools.gnu-tools-for-stm32.11.3.rel1.linux64_1.1.100.202309141235/tools/bin/../lib/gcc/arm-none-eabi/11.3.1/thumb/v7e-m+fp/hard/crtbegin.o
                                         0x44 (size before relaxing)
 .comment       0x0000000000000043       0x44 ./Core/Src/freertos.o
 .comment       0x0000000000000043       0x44 ./Core/Src/main.o
 .comment       0x0000000000000043       0x44 ./Core/Src/stm32l4xx_hal_msp.o
 .comment       0x0000000000000043       0x44 ./Core/Src/stm32l4xx_it.o
 .comment       0x0000000000000043       0x44 ./Core/Src/system_stm32l4xx.o
 .comment       0x0000000000000043       0x44 ./Drivers/STM32L4xx_HAL_Driver/Src/stm32l4xx_hal.o
 .comment       0x0000000000000043       0x44 ./Drivers/STM32L4xx_HAL_Driver/Src/stm32l4xx_hal_cortex.o
 .comment       0x0000000000000043       0x44 ./Drivers/STM32L4xx_HAL_Driver/Src/stm32l4xx_hal_gpio.o
 .comment       0x0000000000000043       0x44 ./Drivers/STM32L4xx_HAL_Driver/Src/stm32l4xx_hal_pwr_ex.o
 .comment       0x0000000000000043       0x44 ./Drivers/STM32L4xx_HAL_Driver/Src/stm32l4xx_hal_rcc.o
 .comment       0x0000000000000043       0x44 ./Drivers/STM32L4xx_HAL_Driver/Src/stm32l4xx_hal_tim.o
 .comment       0x0000000000000043       0x44 ./Drivers/STM32L4xx_HAL_Driver/Src/stm32l4xx_hal_tim_ex.o
 .comment       0x0000000000000043       0x44 ./Middlewares/Third_Party/FreeRTOS/Source/CMSIS_RTOS/cmsis_os.o
 .comment       0x0000000000000043       0x44 ./Middlewares/Third_Party/FreeRTOS/Source/list.o
 .comment       0x0000000000000043       0x44 ./Middlewares/Third_Party/FreeRTOS/Source/tasks.o
 .comment       0x0000000000000043       0x44 ./Middlewares/Third_Party/FreeRTOS/Source/portable/GCC/ARM_CM4F/port.o
 .comment       0x0000000000000043       0x44 ./Middlewares/Third_Party/FreeRTOS/Source/portable/MemMang/heap_4.o

.debug_info     0x0000000000000000     0xeadc
 .debug_info    0x0000000000000000      0x279 ./Core/Src/freertos.o
 .debug_info    0x0000000000000279     0x124f ./Core/Src/main.o
 .debug_info    0x00000000000014c8      0xd31 ./Core/Src/stm32l4xx_hal_msp.o
 .debug_info    0x00000000000021f9      0x710 ./Core/Src/stm32l4xx_it.o
 .debug_info    0x0000000000002909      0x5b1 ./Core/Src/system_stm32l4xx.o
 .debug_info    0x0000000000002eba       0x23 ./Core/Startup/startup_stm32l476rgtx.o
 .debug_info    0x0000000000002edd      0xc09 ./Drivers/STM32L4xx_HAL_Driver/Src/stm32l4xx_hal.o
 .debug_info    0x0000000000003ae6      0xd4c ./Drivers/STM32L4xx_HAL_Driver/Src/stm32l4xx_hal_cortex.o
 .debug_info    0x0000000000004832      0x757 ./Drivers/STM32L4xx_HAL_Driver/Src/stm32l4xx_hal_gpio.o
 .debug_info    0x0000000000004f89      0x99e ./Drivers/STM32L4xx_HAL_Driver/Src/stm32l4xx_hal_pwr_ex.o
 .debug_info    0x0000000000005927      0xc14 ./Drivers/STM32L4xx_HAL_Driver/Src/stm32l4xx_hal_rcc.o
 .debug_info    0x000000000000653b     0x2a9a ./Drivers/STM32L4xx_HAL_Driver/Src/stm32l4xx_hal_tim.o
 .debug_info    0x0000000000008fd5     0x169e ./Drivers/STM32L4xx_HAL_Driver/Src/stm32l4xx_hal_tim_ex.o
 .debug_info    0x000000000000a673     0x1b60 ./Middlewares/Third_Party/FreeRTOS/Source/CMSIS_RTOS/cmsis_os.o
 .debug_info    0x000000000000c1d3      0x2af ./Middlewares/Third_Party/FreeRTOS/Source/list.o
 .debug_info    0x000000000000c482     0x1ca7 ./Middlewares/Third_Party/FreeRTOS/Source/tasks.o
 .debug_info    0x000000000000e129      0x4de ./Middlewares/Third_Party/FreeRTOS/Source/portable/GCC/ARM_CM4F/port.o
 .debug_info    0x000000000000e607      0x4d5 ./Middlewares/Third_Party/FreeRTOS/Source/portable/MemMang/heap_4.o

.debug_abbrev   0x0000000000000000     0x25d9
 .debug_abbrev  0x0000000000000000       0xd2 ./Core/Src/freertos.o
 .debug_abbrev  0x00000000000000d2      0x2f0 ./Core/Src/main.o
 .debug_abbrev  0x00000000000003c2      0x1be ./Core/Src/stm32l4xx_hal_msp.o
 .debug_abbrev  0x0000000000000580      0x1bb ./Core/Src/stm32l4xx_it.o
 .debug_abbrev  0x000000000000073b      0x11a ./Core/Src/system_stm32l4xx.o
 .debug_abbrev  0x0000000000000855       0x12 ./Core/Startup/startup_stm32l476rgtx.o
 .debug_abbrev  0x0000000000000867      0x243 ./Drivers/STM32L4xx_HAL_Driver/Src/stm32l4xx_hal.o
 .debug_abbrev  0x0000000000000aaa      0x327 ./Drivers/STM32L4xx_HAL_Driver/Src/stm32l4xx_hal_cortex.o
 .debug_abbrev  0x0000000000000dd1      0x1cb ./Drivers/STM32L4xx_HAL_Driver/Src/stm32l4xx_hal_gpio.o
 .debug_abbrev  0x0000000000000f9c      0x1f9 ./Drivers/STM32L4xx_HAL_Driver/Src/stm32l4xx_hal_pwr_ex.o
 .debug_abbrev  0x0000000000001195      0x2cb ./Drivers/STM32L4xx_HAL_Driver/Src/stm32l4xx_hal_rcc.o
 .debug_abbrev  0x0000000000001460      0x278 ./Drivers/STM32L4xx_HAL_Driver/Src/stm32l4xx_hal_tim.o
 .debug_abbrev  0x00000000000016d8      0x283 ./Drivers/STM32L4xx_HAL_Driver/Src/stm32l4xx_hal_tim_ex.o
 .debug_abbrev  0x000000000000195b      0x3b7 ./Middlewares/Third_Party/FreeRTOS/Source/CMSIS_RTOS/cmsis_os.o
 .debug_abbrev  0x0000000000001d12       0xf5 ./Middlewares/Third_Party/FreeRTOS/Source/list.o
 .debug_abbrev  0x0000000000001e07      0x359 ./Middlewares/Third_Party/FreeRTOS/Source/tasks.o
 .debug_abbrev  0x0000000000002160      0x25c ./Middlewares/Third_Party/FreeRTOS/Source/portable/GCC/ARM_CM4F/port.o
 .debug_abbrev  0x00000000000023bc      0x21d ./Middlewares/Third_Party/FreeRTOS/Source/portable/MemMang/heap_4.o

.debug_aranges  0x0000000000000000      0xfe8
 .debug_aranges
                0x0000000000000000       0x20 ./Core/Src/freertos.o
 .debug_aranges
                0x0000000000000020       0x50 ./Core/Src/main.o
 .debug_aranges
                0x0000000000000070       0x38 ./Core/Src/stm32l4xx_hal_msp.o
 .debug_aranges
                0x00000000000000a8       0x58 ./Core/Src/stm32l4xx_it.o
 .debug_aranges
                0x0000000000000100       0x28 ./Core/Src/system_stm32l4xx.o
 .debug_aranges
                0x0000000000000128       0x28 ./Core/Startup/startup_stm32l476rgtx.o
 .debug_aranges
                0x0000000000000150      0x130 ./Drivers/STM32L4xx_HAL_Driver/Src/stm32l4xx_hal.o
 .debug_aranges
                0x0000000000000280      0x118 ./Drivers/STM32L4xx_HAL_Driver/Src/stm32l4xx_hal_cortex.o
 .debug_aranges
                0x0000000000000398       0x58 ./Drivers/STM32L4xx_HAL_Driver/Src/stm32l4xx_hal_gpio.o
 .debug_aranges
                0x00000000000003f0      0x160 ./Drivers/STM32L4xx_HAL_Driver/Src/stm32l4xx_hal_pwr_ex.o
 .debug_aranges
                0x0000000000000550       0x90 ./Drivers/STM32L4xx_HAL_Driver/Src/stm32l4xx_hal_rcc.o
 .debug_aranges
                0x00000000000005e0      0x3e0 ./Drivers/STM32L4xx_HAL_Driver/Src/stm32l4xx_hal_tim.o
 .debug_aranges
                0x00000000000009c0      0x180 ./Drivers/STM32L4xx_HAL_Driver/Src/stm32l4xx_hal_tim_ex.o
 .debug_aranges
                0x0000000000000b40      0x1d8 ./Middlewares/Third_Party/FreeRTOS/Source/CMSIS_RTOS/cmsis_os.o
 .debug_aranges
                0x0000000000000d18       0x40 ./Middlewares/Third_Party/FreeRTOS/Source/list.o
 .debug_aranges
                0x0000000000000d58      0x1b8 ./Middlewares/Third_Party/FreeRTOS/Source/tasks.o
 .debug_aranges
                0x0000000000000f10       0x80 ./Middlewares/Third_Party/FreeRTOS/Source/portable/GCC/ARM_CM4F/port.o
 .debug_aranges
                0x0000000000000f90       0x58 ./Middlewares/Third_Party/FreeRTOS/Source/portable/MemMang/heap_4.o

.debug_rnglists
                0x0000000000000000      0xc38
 .debug_rnglists
                0x0000000000000000       0x13 ./Core/Src/freertos.o
 .debug_rnglists
                0x0000000000000013       0x3a ./Core/Src/main.o
 .debug_rnglists
                0x000000000000004d       0x25 ./Core/Src/stm32l4xx_hal_msp.o
 .debug_rnglists
                0x0000000000000072       0x3d ./Core/Src/stm32l4xx_it.o
 .debug_rnglists
                0x00000000000000af       0x1a ./Core/Src/system_stm32l4xx.o
 .debug_rnglists
                0x00000000000000c9       0x19 ./Core/Startup/startup_stm32l476rgtx.o
 .debug_rnglists
                0x00000000000000e2       0xdf ./Drivers/STM32L4xx_HAL_Driver/Src/stm32l4xx_hal.o
 .debug_rnglists
                0x00000000000001c1       0xce ./Drivers/STM32L4xx_HAL_Driver/Src/stm32l4xx_hal_cortex.o
 .debug_rnglists
                0x000000000000028f       0x3f ./Drivers/STM32L4xx_HAL_Driver/Src/stm32l4xx_hal_gpio.o
 .debug_rnglists
                0x00000000000002ce      0x109 ./Drivers/STM32L4xx_HAL_Driver/Src/stm32l4xx_hal_pwr_ex.o
 .debug_rnglists
                0x00000000000003d7       0x6d ./Drivers/STM32L4xx_HAL_Driver/Src/stm32l4xx_hal_rcc.o
 .debug_rnglists
                0x0000000000000444      0x328 ./Drivers/STM32L4xx_HAL_Driver/Src/stm32l4xx_hal_tim.o
 .debug_rnglists
                0x000000000000076c      0x139 ./Drivers/STM32L4xx_HAL_Driver/Src/stm32l4xx_hal_tim_ex.o
 .debug_rnglists
                0x00000000000008a5      0x16a ./Middlewares/Third_Party/FreeRTOS/Source/CMSIS_RTOS/cmsis_os.o
 .debug_rnglists
                0x0000000000000a0f       0x2b ./Middlewares/Third_Party/FreeRTOS/Source/list.o
 .debug_rnglists
                0x0000000000000a3a      0x15f ./Middlewares/Third_Party/FreeRTOS/Source/tasks.o
 .debug_rnglists
                0x0000000000000b99       0x5d ./Middlewares/Third_Party/FreeRTOS/Source/portable/GCC/ARM_CM4F/port.o
 .debug_rnglists
                0x0000000000000bf6       0x42 ./Middlewares/Third_Party/FreeRTOS/Source/portable/MemMang/heap_4.o

.debug_macro    0x0000000000000000    0x2779f
 .debug_macro   0x0000000000000000      0x223 ./Core/Src/freertos.o
 .debug_macro   0x0000000000000223      0xaa8 ./Core/Src/freertos.o
 .debug_macro   0x0000000000000ccb      0x174 ./Core/Src/freertos.o
 .debug_macro   0x0000000000000e3f       0x22 ./Core/Src/freertos.o
 .debug_macro   0x0000000000000e61       0x8e ./Core/Src/freertos.o
 .debug_macro   0x0000000000000eef       0x51 ./Core/Src/freertos.o
 .debug_macro   0x0000000000000f40      0x103 ./Core/Src/freertos.o
 .debug_macro   0x0000000000001043       0x6a ./Core/Src/freertos.o
 .debug_macro   0x00000000000010ad      0x1df ./Core/Src/freertos.o
 .debug_macro   0x000000000000128c       0xe4 ./Core/Src/freertos.o
 .debug_macro   0x0000000000001370      0x15a ./Core/Src/freertos.o
 .debug_macro   0x00000000000014ca       0xde ./Core/Src/freertos.o
 .debug_macro   0x00000000000015a8       0x1c ./Core/Src/freertos.o
 .debug_macro   0x00000000000015c4       0x26 ./Core/Src/freertos.o
 .debug_macro   0x00000000000015ea      0x504 ./Core/Src/freertos.o
 .debug_macro   0x0000000000001aee       0xb5 ./Core/Src/freertos.o
 .debug_macro   0x0000000000001ba3       0xaa ./Core/Src/freertos.o
 .debug_macro   0x0000000000001c4d      0x1a1 ./Core/Src/freertos.o
 .debug_macro   0x0000000000001dee       0x2e ./Core/Src/freertos.o
 .debug_macro   0x0000000000001e1c       0x28 ./Core/Src/freertos.o
 .debug_macro   0x0000000000001e44       0x1c ./Core/Src/freertos.o
 .debug_macro   0x0000000000001e60       0x22 ./Core/Src/freertos.o
 .debug_macro   0x0000000000001e82       0xfb ./Core/Src/freertos.o
 .debug_macro   0x0000000000001f7d     0x1011 ./Core/Src/freertos.o
 .debug_macro   0x0000000000002f8e      0x11f ./Core/Src/freertos.o
 .debug_macro   0x00000000000030ad    0x1a17a ./Core/Src/freertos.o
 .debug_macro   0x000000000001d227       0x6d ./Core/Src/freertos.o
 .debug_macro   0x000000000001d294     0x38e6 ./Core/Src/freertos.o
 .debug_macro   0x0000000000020b7a       0x5c ./Core/Src/freertos.o
 .debug_macro   0x0000000000020bd6     0x159e ./Core/Src/freertos.o
 .debug_macro   0x0000000000022174      0x5a5 ./Core/Src/freertos.o
 .debug_macro   0x0000000000022719      0x1b9 ./Core/Src/freertos.o
 .debug_macro   0x00000000000228d2      0x18b ./Core/Src/freertos.o
 .debug_macro   0x0000000000022a5d      0x26b ./Core/Src/freertos.o
 .debug_macro   0x0000000000022cc8      0x23d ./Core/Src/freertos.o
 .debug_macro   0x0000000000022f05      0x241 ./Core/Src/freertos.o
 .debug_macro   0x0000000000023146      0x37c ./Core/Src/freertos.o
 .debug_macro   0x00000000000234c2       0xd6 ./Core/Src/freertos.o
 .debug_macro   0x0000000000023598      0x122 ./Core/Src/freertos.o
 .debug_macro   0x00000000000236ba      0x3ef ./Core/Src/freertos.o
 .debug_macro   0x0000000000023aa9      0xa98 ./Core/Src/freertos.o
 .debug_macro   0x0000000000024541      0x1e6 ./Core/Src/freertos.o
 .debug_macro   0x0000000000024727      0x330 ./Core/Src/freertos.o
 .debug_macro   0x0000000000024a57       0x58 ./Core/Src/freertos.o
 .debug_macro   0x0000000000024aaf      0x379 ./Core/Src/main.o
 .debug_macro   0x0000000000024e28       0xe4 ./Core/Src/main.o
 .debug_macro   0x0000000000024f0c       0x91 ./Core/Src/main.o
 .debug_macro   0x0000000000024f9d       0x8d ./Core/Src/main.o
 .debug_macro   0x000000000002502a       0x7e ./Core/Src/main.o
 .debug_macro   0x00000000000250a8       0x19 ./Core/Src/main.o
 .debug_macro   0x00000000000250c1       0xf2 ./Core/Src/main.o
 .debug_macro   0x00000000000251b3       0x61 ./Core/Src/main.o
 .debug_macro   0x0000000000025214       0x2a ./Core/Src/main.o
 .debug_macro   0x000000000002523e       0x43 ./Core/Src/main.o
 .debug_macro   0x0000000000025281       0x34 ./Core/Src/main.o
 .debug_macro   0x00000000000252b5       0x16 ./Core/Src/main.o
 .debug_macro   0x00000000000252cb       0x43 ./Core/Src/main.o
 .debug_macro   0x000000000002530e       0x34 ./Core/Src/main.o
 .debug_macro   0x0000000000025342       0x10 ./Core/Src/main.o
 .debug_macro   0x0000000000025352       0x58 ./Core/Src/main.o
 .debug_macro   0x00000000000253aa       0x8e ./Core/Src/main.o
 .debug_macro   0x0000000000025438       0x1c ./Core/Src/main.o
 .debug_macro   0x0000000000025454      0x177 ./Core/Src/main.o
 .debug_macro   0x00000000000255cb      0x369 ./Core/Src/main.o
 .debug_macro   0x0000000000025934       0x10 ./Core/Src/main.o
 .debug_macro   0x0000000000025944       0x35 ./Core/Src/main.o
 .debug_macro   0x0000000000025979       0x20 ./Core/Src/main.o
 .debug_macro   0x0000000000025999       0x1c ./Core/Src/main.o
 .debug_macro   0x00000000000259b5       0x10 ./Core/Src/main.o
 .debug_macro   0x00000000000259c5       0x1c ./Core/Src/main.o
 .debug_macro   0x00000000000259e1       0x16 ./Core/Src/main.o
 .debug_macro   0x00000000000259f7      0x147 ./Core/Src/main.o
 .debug_macro   0x0000000000025b3e       0x22 ./Core/Src/main.o
 .debug_macro   0x0000000000025b60      0x1bb ./Core/Src/stm32l4xx_hal_msp.o
 .debug_macro   0x0000000000025d1b      0x22d ./Core/Src/stm32l4xx_it.o
 .debug_macro   0x0000000000025f48      0x1ac ./Core/Src/system_stm32l4xx.o
 .debug_macro   0x00000000000260f4      0x1fa ./Drivers/STM32L4xx_HAL_Driver/Src/stm32l4xx_hal.o
 .debug_macro   0x00000000000262ee      0x1ac ./Drivers/STM32L4xx_HAL_Driver/Src/stm32l4xx_hal_cortex.o
 .debug_macro   0x000000000002649a      0x1b3 ./Drivers/STM32L4xx_HAL_Driver/Src/stm32l4xx_hal_gpio.o
 .debug_macro   0x000000000002664d      0x1d0 ./Drivers/STM32L4xx_HAL_Driver/Src/stm32l4xx_hal_pwr_ex.o
 .debug_macro   0x000000000002681d      0x1ee ./Drivers/STM32L4xx_HAL_Driver/Src/stm32l4xx_hal_rcc.o
 .debug_macro   0x0000000000026a0b      0x1ad ./Drivers/STM32L4xx_HAL_Driver/Src/stm32l4xx_hal_tim.o
 .debug_macro   0x0000000000026bb8      0x1ac ./Drivers/STM32L4xx_HAL_Driver/Src/stm32l4xx_hal_tim_ex.o
 .debug_macro   0x0000000000026d64      0x1fe ./Middlewares/Third_Party/FreeRTOS/Source/CMSIS_RTOS/cmsis_os.o
 .debug_macro   0x0000000000026f62       0xe9 ./Middlewares/Third_Party/FreeRTOS/Source/CMSIS_RTOS/cmsis_os.o
 .debug_macro   0x000000000002704b      0x187 ./Middlewares/Third_Party/FreeRTOS/Source/list.o
 .debug_macro   0x00000000000271d2      0x279 ./Middlewares/Third_Party/FreeRTOS/Source/tasks.o
 .debug_macro   0x000000000002744b       0x10 ./Middlewares/Third_Party/FreeRTOS/Source/tasks.o
 .debug_macro   0x000000000002745b      0x196 ./Middlewares/Third_Party/FreeRTOS/Source/portable/GCC/ARM_CM4F/port.o
 .debug_macro   0x00000000000275f1      0x1ae ./Middlewares/Third_Party/FreeRTOS/Source/portable/MemMang/heap_4.o

.debug_line     0x0000000000000000     0xfecf
 .debug_line    0x0000000000000000      0x760 ./Core/Src/freertos.o
 .debug_line    0x0000000000000760      0xabb ./Core/Src/main.o
 .debug_line    0x000000000000121b      0x6cd ./Core/Src/stm32l4xx_hal_msp.o
 .debug_line    0x00000000000018e8      0x822 ./Core/Src/stm32l4xx_it.o
 .debug_line    0x000000000000210a      0x6f9 ./Core/Src/system_stm32l4xx.o
 .debug_line    0x0000000000002803       0x7a ./Core/Startup/startup_stm32l476rgtx.o
 .debug_line    0x000000000000287d      0xa52 ./Drivers/STM32L4xx_HAL_Driver/Src/stm32l4xx_hal.o
 .debug_line    0x00000000000032cf      0xbf8 ./Drivers/STM32L4xx_HAL_Driver/Src/stm32l4xx_hal_cortex.o
 .debug_line    0x0000000000003ec7      0xac5 ./Drivers/STM32L4xx_HAL_Driver/Src/stm32l4xx_hal_gpio.o
 .debug_line    0x000000000000498c      0xc49 ./Drivers/STM32L4xx_HAL_Driver/Src/stm32l4xx_hal_pwr_ex.o
 .debug_line    0x00000000000055d5      0xec8 ./Drivers/STM32L4xx_HAL_Driver/Src/stm32l4xx_hal_rcc.o
 .debug_line    0x000000000000649d     0x3d2b ./Drivers/STM32L4xx_HAL_Driver/Src/stm32l4xx_hal_tim.o
 .debug_line    0x000000000000a1c8     0x1b60 ./Drivers/STM32L4xx_HAL_Driver/Src/stm32l4xx_hal_tim_ex.o
 .debug_line    0x000000000000bd28     0x119b ./Middlewares/Third_Party/FreeRTOS/Source/CMSIS_RTOS/cmsis_os.o
 .debug_line    0x000000000000cec3      0x6cb ./Middlewares/Third_Party/FreeRTOS/Source/list.o
 .debug_line    0x000000000000d58e     0x18da ./Middlewares/Third_Party/FreeRTOS/Source/tasks.o
 .debug_line    0x000000000000ee68      0x775 ./Middlewares/Third_Party/FreeRTOS/Source/portable/GCC/ARM_CM4F/port.o
 .debug_line    0x000000000000f5dd      0x8f2 ./Middlewares/Third_Party/FreeRTOS/Source/portable/MemMang/heap_4.o

.debug_str      0x0000000000000000    0xf5290
 .debug_str     0x0000000000000000    0xe9667 ./Core/Src/freertos.o
                                      0xe993f (size before relaxing)
 .debug_str     0x00000000000e9667     0x6603 ./Core/Src/main.o
                                      0xeff85 (size before relaxing)
 .debug_str     0x00000000000efc6a      0x4e4 ./Core/Src/stm32l4xx_hal_msp.o
                                      0xe66ac (size before relaxing)
 .debug_str     0x00000000000f014e       0xfc ./Core/Src/stm32l4xx_it.o
                                      0xe9ddb (size before relaxing)
 .debug_str     0x00000000000f024a       0xf2 ./Core/Src/system_stm32l4xx.o
                                      0xe5b37 (size before relaxing)
 .debug_str     0x00000000000f033c       0x34 ./Core/Startup/startup_stm32l476rgtx.o
                                         0x78 (size before relaxing)
 .debug_str     0x00000000000f0370      0x6b1 ./Drivers/STM32L4xx_HAL_Driver/Src/stm32l4xx_hal.o
                                      0xe6736 (size before relaxing)
 .debug_str     0x00000000000f0a21      0x314 ./Drivers/STM32L4xx_HAL_Driver/Src/stm32l4xx_hal_cortex.o
                                      0xe637e (size before relaxing)
 .debug_str     0x00000000000f0d35      0x125 ./Drivers/STM32L4xx_HAL_Driver/Src/stm32l4xx_hal_gpio.o
                                      0xe5cb0 (size before relaxing)
 .debug_str     0x00000000000f0e5a      0x4e3 ./Drivers/STM32L4xx_HAL_Driver/Src/stm32l4xx_hal_pwr_ex.o
                                      0xe6092 (size before relaxing)
 .debug_str     0x00000000000f133d      0x345 ./Drivers/STM32L4xx_HAL_Driver/Src/stm32l4xx_hal_rcc.o
                                      0xe617d (size before relaxing)
 .debug_str     0x00000000000f1682      0xe18 ./Drivers/STM32L4xx_HAL_Driver/Src/stm32l4xx_hal_tim.o
                                      0xe6e77 (size before relaxing)
 .debug_str     0x00000000000f249a      0x588 ./Drivers/STM32L4xx_HAL_Driver/Src/stm32l4xx_hal_tim_ex.o
                                      0xe678b (size before relaxing)
 .debug_str     0x00000000000f2a22      0xa89 ./Middlewares/Third_Party/FreeRTOS/Source/CMSIS_RTOS/cmsis_os.o
                                       0xe837 (size before relaxing)
 .debug_str     0x00000000000f34ab      0x20f ./Middlewares/Third_Party/FreeRTOS/Source/list.o
                                       0xaa74 (size before relaxing)
 .debug_str     0x00000000000f36ba     0x1126 ./Middlewares/Third_Party/FreeRTOS/Source/tasks.o
                                       0xcddf (size before relaxing)
 .debug_str     0x00000000000f47e0      0x783 ./Middlewares/Third_Party/FreeRTOS/Source/portable/GCC/ARM_CM4F/port.o
                                       0x86bd (size before relaxing)
 .debug_str     0x00000000000f4f63      0x32d ./Middlewares/Third_Party/FreeRTOS/Source/portable/MemMang/heap_4.o
                                       0xb3b6 (size before relaxing)

.debug_frame    0x0000000000000000     0x4170
 .debug_frame   0x0000000000000000       0x38 ./Core/Src/freertos.o
 .debug_frame   0x0000000000000038       0xfc ./Core/Src/main.o
 .debug_frame   0x0000000000000134       0xa0 ./Core/Src/stm32l4xx_hal_msp.o
 .debug_frame   0x00000000000001d4       0xe0 ./Core/Src/stm32l4xx_it.o
 .debug_frame   0x00000000000002b4       0x58 ./Core/Src/system_stm32l4xx.o
 .debug_frame   0x000000000000030c      0x498 ./Drivers/STM32L4xx_HAL_Driver/Src/stm32l4xx_hal.o
 .debug_frame   0x00000000000007a4      0x498 ./Drivers/STM32L4xx_HAL_Driver/Src/stm32l4xx_hal_cortex.o
 .debug_frame   0x0000000000000c3c      0x14c ./Drivers/STM32L4xx_HAL_Driver/Src/stm32l4xx_hal_gpio.o
 .debug_frame   0x0000000000000d88      0x584 ./Drivers/STM32L4xx_HAL_Driver/Src/stm32l4xx_hal_pwr_ex.o
 .debug_frame   0x000000000000130c      0x21c ./Drivers/STM32L4xx_HAL_Driver/Src/stm32l4xx_hal_rcc.o
 .debug_frame   0x0000000000001528     0x1218 ./Drivers/STM32L4xx_HAL_Driver/Src/stm32l4xx_hal_tim.o
 .debug_frame   0x0000000000002740      0x6b0 ./Drivers/STM32L4xx_HAL_Driver/Src/stm32l4xx_hal_tim_ex.o
 .debug_frame   0x0000000000002df0      0x80c ./Middlewares/Third_Party/FreeRTOS/Source/CMSIS_RTOS/cmsis_os.o
 .debug_frame   0x00000000000035fc       0xd8 ./Middlewares/Third_Party/FreeRTOS/Source/list.o
 .debug_frame   0x00000000000036d4      0x77c ./Middlewares/Third_Party/FreeRTOS/Source/tasks.o
 .debug_frame   0x0000000000003e50      0x1a8 ./Middlewares/Third_Party/FreeRTOS/Source/portable/GCC/ARM_CM4F/port.o
 .debug_frame   0x0000000000003ff8      0x12c ./Middlewares/Third_Party/FreeRTOS/Source/portable/MemMang/heap_4.o
 .debug_frame   0x0000000000004124       0x20 /opt/st/stm32cubeide_1.14.0/plugins/com.st.stm32cube.ide.mcu.externaltools.gnu-tools-for-stm32.11.3.rel1.linux64_1.1.100.202309141235/tools/bin/../lib/gcc/arm-none-eabi/11.3.1/../../../../arm-none-eabi/lib/thumb/v7e-m+fp/hard/libc_nano.a(libc_a-memset.o)
 .debug_frame   0x0000000000004144       0x2c /opt/st/stm32cubeide_1.14.0/plugins/com.st.stm32cube.ide.mcu.externaltools.gnu-tools-for-stm32.11.3.rel1.linux64_1.1.100.202309141235/tools/bin/../lib/gcc/arm-none-eabi/11.3.1/../../../../arm-none-eabi/lib/thumb/v7e-m+fp/hard/libc_nano.a(libc_a-init.o)

.debug_line_str
                0x0000000000000000       0x6c
 .debug_line_str
                0x0000000000000000       0x6c ./Core/Startup/startup_stm32l476rgtx.o
                                         0x84 (size before relaxing)
